[[1;34mINFO[m] Scanning for projects...
[[1;33mWARNING[m] 
[[1;33mWARNING[m] Some problems were encountered while building the effective model for com.farao-community.farao:ce-merging-server:jar:1.0-SNAPSHOT
[[1;33mWARNING[m] 'build.plugins.plugin.version' for org.codehaus.mojo:jaxb2-maven-plugin is missing. @ line 31, column 21
[[1;33mWARNING[m] 
[[1;33mWARNING[m] It is highly recommended to fix these problems because they threaten the stability of your build.
[[1;33mWARNING[m] 
[[1;33mWARNING[m] For this reason, future Maven versions might no longer support building such malformed projects.
[[1;33mWARNING[m] 
[[1;34mINFO[m] 
[[1;34mINFO[m] [1m------------< [0;36mcom.farao-community.farao:ce-merging-server[0;1m >-------------[m
[[1;34mINFO[m] [1mBuilding ce-merging-server 1.0-SNAPSHOT[m
[[1;34mINFO[m] [1m--------------------------------[ jar ]---------------------------------[m
[[1;34mINFO[m] 
[[1;34mINFO[m] [1m--- [0;32mmaven-checkstyle-plugin:3.3.1:check[m [1m(default)[m @ [36mce-merging-server[0;1m ---[m
[[1;34mINFO[m] Début de la vérification...
Vérification terminée.
[[1;34mINFO[m] You have 0 Checkstyle violations.
[[1;34mINFO[m] 
[[1;34mINFO[m] [1m--- [0;32mjaxb2-maven-plugin:4.1.0:xjc[m [1m(xjc)[m @ [36mce-merging-server[0;1m ---[m
[[1;34mINFO[m] Ignored given or default xjbSources [/home/limouzinant/CoreMerging/ce-merging-server/src/main/xjb], since it is not an existent file or directory.
[[1;34mINFO[m] No changes detected in schema or binding files - skipping JAXB generation.
[[1;34mINFO[m] 
[[1;34mINFO[m] [1m--- [0;32mmaven-resources-plugin:2.6:resources[m [1m(default-resources)[m @ [36mce-merging-server[0;1m ---[m
[[1;34mINFO[m] Using 'UTF-8' encoding to copy filtered resources.
[[1;34mINFO[m] Copying 9 resources
[[1;34mINFO[m] 
[[1;34mINFO[m] [1m--- [0;32mmaven-compiler-plugin:3.11.0:compile[m [1m(default-compile)[m @ [36mce-merging-server[0;1m ---[m
[[1;34mINFO[m] Nothing to compile - all classes are up to date
[[1;34mINFO[m] 
[[1;34mINFO[m] [1m--- [0;32mmaven-resources-plugin:2.6:testResources[m [1m(default-testResources)[m @ [36mce-merging-server[0;1m ---[m
[[1;34mINFO[m] Using 'UTF-8' encoding to copy filtered resources.
[[1;34mINFO[m] Copying 26 resources
[[1;34mINFO[m] 
[[1;34mINFO[m] [1m--- [0;32mmaven-compiler-plugin:3.11.0:testCompile[m [1m(default-testCompile)[m @ [36mce-merging-server[0;1m ---[m
[[1;34mINFO[m] Nothing to compile - all classes are up to date
[[1;34mINFO[m] 
[[1;34mINFO[m] [1m--- [0;32mmaven-surefire-plugin:3.2.2:test[m [1m(default-test)[m @ [36mce-merging-server[0;1m ---[m
[[1;34mINFO[m] Using auto detected provider org.apache.maven.surefire.junitplatform.JUnitPlatformProvider
[[1;34mINFO[m] 
[[1;34mINFO[m] -------------------------------------------------------
[[1;34mINFO[m]  T E S T S
[[1;34mINFO[m] -------------------------------------------------------
[[1;31mERROR[m] com/farao_community/farao/ce_merging/CeMergingApplicationTest has been compiled by a more recent version of the Java Runtime (class file version 65.0), this version of the Java Runtime only recognizes class file versions up to 55.0
[[1;34mINFO[m] 
[[1;34mINFO[m] Results:
[[1;34mINFO[m] 
[[1;34mINFO[m] Tests run: 0, Failures: 0, Errors: 0, Skipped: 0
[[1;34mINFO[m] 
[[1;34mINFO[m] [1m------------------------------------------------------------------------[m
[[1;34mINFO[m] [1;31mBUILD FAILURE[m
[[1;34mINFO[m] [1m------------------------------------------------------------------------[m
[[1;34mINFO[m] Total time:  3.045 s
[[1;34mINFO[m] Finished at: 2026-07-02T11:18:49+02:00
[[1;34mINFO[m] [1m------------------------------------------------------------------------[m
[[1;31mERROR[m] Failed to execute goal [32morg.apache.maven.plugins:maven-surefire-plugin:3.2.2:test[m [1m(default-test)[m on project [36mce-merging-server[m: [1;31m[m
[[1;31mERROR[m] [1;31m[m
[[1;31mERROR[m] [1;31mPlease refer to /home/limouzinant/CoreMerging/ce-merging-server/target/surefire-reports for the individual test results.[m
[[1;31mERROR[m] [1;31mPlease refer to dump files (if any exist) [date].dump, [date]-jvmRun[N].dump and [date].dumpstream.[m
[[1;31mERROR[m] [1;31mThere was an error in the forked process[m
[[1;31mERROR[m] [1;31mcom/farao_community/farao/ce_merging/CeMergingApplicationTest has been compiled by a more recent version of the Java Runtime (class file version 65.0), this version of the Java Runtime only recognizes class file versions up to 55.0[m
[[1;31mERROR[m] [1;31morg.apache.maven.surefire.booter.SurefireBooterForkException: There was an error in the forked process[m
[[1;31mERROR[m] [1;31mcom/farao_community/farao/ce_merging/CeMergingApplicationTest has been compiled by a more recent version of the Java Runtime (class file version 65.0), this version of the Java Runtime only recognizes class file versions up to 55.0[m
[[1;31mERROR[m] [1;31m	at org.apache.maven.plugin.surefire.booterclient.ForkStarter.fork(ForkStarter.java:631)[m
[[1;31mERROR[m] [1;31m	at org.apache.maven.plugin.surefire.booterclient.ForkStarter.run(ForkStarter.java:285)[m
[[1;31mERROR[m] [1;31m	at org.apache.maven.plugin.surefire.booterclient.ForkStarter.run(ForkStarter.java:250)[m
[[1;31mERROR[m] [1;31m	at org.apache.maven.plugin.surefire.AbstractSurefireMojo.executeProvider(AbstractSurefireMojo.java:1240)[m
[[1;31mERROR[m] [1;31m	at org.apache.maven.plugin.surefire.AbstractSurefireMojo.executeAfterPreconditionsChecked(AbstractSurefireMojo.java:1089)[m
[[1;31mERROR[m] [1;31m	at org.apache.maven.plugin.surefire.AbstractSurefireMojo.execute(AbstractSurefireMojo.java:905)[m
[[1;31mERROR[m] [1;31m	at org.apache.maven.plugin.DefaultBuildPluginManager.executeMojo(DefaultBuildPluginManager.java:137)[m
[[1;31mERROR[m] [1;31m	at org.apache.maven.lifecycle.internal.MojoExecutor.execute(MojoExecutor.java:210)[m
[[1;31mERROR[m] [1;31m	at org.apache.maven.lifecycle.internal.MojoExecutor.execute(MojoExecutor.java:156)[m
[[1;31mERROR[m] [1;31m	at org.apache.maven.lifecycle.internal.MojoExecutor.execute(MojoExecutor.java:148)[m
[[1;31mERROR[m] [1;31m	at org.apache.maven.lifecycle.internal.LifecycleModuleBuilder.buildProject(LifecycleModuleBuilder.java:117)[m
[[1;31mERROR[m] [1;31m	at org.apache.maven.lifecycle.internal.LifecycleModuleBuilder.buildProject(LifecycleModuleBuilder.java:81)[m
[[1;31mERROR[m] [1;31m	at org.apache.maven.lifecycle.internal.builder.singlethreaded.SingleThreadedBuilder.build(SingleThreadedBuilder.java:56)[m
[[1;31mERROR[m] [1;31m	at org.apache.maven.lifecycle.internal.LifecycleStarter.execute(LifecycleStarter.java:128)[m
[[1;31mERROR[m] [1;31m	at org.apache.maven.DefaultMaven.doExecute(DefaultMaven.java:305)[m
[[1;31mERROR[m] [1;31m	at org.apache.maven.DefaultMaven.doExecute(DefaultMaven.java:192)[m
[[1;31mERROR[m] [1;31m	at org.apache.maven.DefaultMaven.execute(DefaultMaven.java:105)[m
[[1;31mERROR[m] [1;31m	at org.apache.maven.cli.MavenCli.execute(MavenCli.java:957)[m
[[1;31mERROR[m] [1;31m	at org.apache.maven.cli.MavenCli.doMain(MavenCli.java:289)[m
[[1;31mERROR[m] [1;31m	at org.apache.maven.cli.MavenCli.main(MavenCli.java:193)[m
[[1;31mERROR[m] [1;31m	at java.base/jdk.internal.reflect.NativeMethodAccessorImpl.invoke0(Native Method)[m
[[1;31mERROR[m] [1;31m	at java.base/jdk.internal.reflect.NativeMethodAccessorImpl.invoke(NativeMethodAccessorImpl.java:62)[m
[[1;31mERROR[m] [1;31m	at java.base/jdk.internal.reflect.DelegatingMethodAccessorImpl.invoke(DelegatingMethodAccessorImpl.java:43)[m
[[1;31mERROR[m] [1;31m	at java.base/java.lang.reflect.Method.invoke(Method.java:566)[m
[[1;31mERROR[m] [1;31m	at org.codehaus.plexus.classworlds.launcher.Launcher.launchEnhanced(Launcher.java:282)[m
[[1;31mERROR[m] [1;31m	at org.codehaus.plexus.classworlds.launcher.Launcher.launch(Launcher.java:225)[m
[[1;31mERROR[m] [1;31m	at org.codehaus.plexus.classworlds.launcher.Launcher.mainWithExitCode(Launcher.java:406)[m
[[1;31mERROR[m] [1;31m	at org.codehaus.plexus.classworlds.launcher.Launcher.main(Launcher.java:347)[m
[[1;31mERROR[m] [1;31m[m
[[1;31mERROR[m] -> [1m[Help 1][m
[[1;31mERROR[m] 
[[1;31mERROR[m] To see the full stack trace of the errors, re-run Maven with the [1m-e[m switch.
[[1;31mERROR[m] Re-run Maven using the [1m-X[m switch to enable full debug logging.
[[1;31mERROR[m] 
[[1;31mERROR[m] For more information about the errors and possible solutions, please read the following articles:
[[1;31mERROR[m] [1m[Help 1][m http://cwiki.apache.org/confluence/display/MAVEN/MojoExecutionException
